// Jest Snapshot v1, https://goo.gl/fbAQLP

exports[`FormSteps.vue renders correctly 1`] = `
<div
  class="layout"
>
  <div
    class="col layout-preview"
  >
    
    <span
      class="tshirt-background"
    />
    <div
      class="tshirt-container slot"
    >
      <i
        class="tshirt-icon"
      >
        üçÉ
      </i>
      <svg
        class="tshirt-sticky-item"
        id="Capa_1"
        version="1.1"
        viewBox="0 0 295.526 295.526"
        x="0px"
        xml:space="preserve"
        xmlns="http://www.w3.org/2000/svg"
        xmlns:xlink="http://www.w3.org/1999/xlink"
        y="0px"
      >
        <g>
          <path
            d="M147.763,44.074c12.801,0,23.858-8.162,27.83-20.169c-7.578,2.086-17.237,3.345-27.83,3.345   c-10.592,0-20.251-1.259-27.828-3.345C123.905,35.911,134.961,44.074,147.763,44.074z"
          />
          <path
            d="M295.158,58.839c-0.608-1.706-1.873-3.109-3.521-3.873l-56.343-26.01c-11.985-4.06-24.195-7.267-36.524-9.611   c-0.434-0.085-0.866-0.126-1.292-0.126c-3.052,0-5.785,2.107-6.465,5.197c-4.502,19.82-22.047,34.659-43.251,34.659   c-21.203,0-38.749-14.838-43.25-34.659c-0.688-3.09-3.416-5.197-6.466-5.197c-0.426,0-0.858,0.041-1.292,0.126   c-12.328,2.344-24.538,5.551-36.542,9.611L3.889,54.965c-1.658,0.764-2.932,2.167-3.511,3.873   c-0.599,1.726-0.491,3.589,0.353,5.217l24.46,48.272c1.145,2.291,3.474,3.666,5.938,3.666c0.636,0,1.281-0.092,1.917-0.283   l27.167-8.052v161.97c0,3.678,3.001,6.678,6.689,6.678h161.723c3.678,0,6.67-3.001,6.67-6.678V107.66l27.186,8.052   c0.636,0.191,1.28,0.283,1.915,0.283c2.459,0,4.779-1.375,5.94-3.666l24.469-48.272C295.629,62.428,295.747,60.565,295.158,58.839z   "
          />
        </g>
        <g />
        <g />
        <g />
        <g />
        <g />
        <g />
        <g />
        <g />
        <g />
        <g />
        <g />
        <g />
        <g />
        <g />
        <g />
      </svg>
    </div>
    
  </div>
  <div
    class="col"
  >
    <div
      class="slot"
    >
      <h1
        class="main-title main-title-spaces"
      >
        Configura la tua t-shirt!
      </h1>
      <div>
        <form>
          <div>
            <h2
              class="title"
            >
              Seleziona le opzioni
            </h2>
            <hr />
          </div>
          <fieldset>
            <label>
               Taglia 
            </label>
            <div
              class="radio-group"
            >
              
              <div
                class="radio-item"
              >
                <label
                  for="XS"
                >
                  XS
                </label>
                <input
                  id="XS"
                  name="size"
                  required=""
                  type="radio"
                  value="XS"
                />
              </div>
              <div
                class="radio-item"
              >
                <label
                  for="S"
                >
                  S
                </label>
                <input
                  id="S"
                  name="size"
                  required=""
                  type="radio"
                  value="S"
                />
              </div>
              <div
                class="radio-item"
              >
                <label
                  for="M"
                >
                  M
                </label>
                <input
                  id="M"
                  name="size"
                  required=""
                  type="radio"
                  value="M"
                />
              </div>
              <div
                class="radio-item"
              >
                <label
                  for="L"
                >
                  L
                </label>
                <input
                  id="L"
                  name="size"
                  required=""
                  type="radio"
                  value="L"
                />
              </div>
              <div
                class="radio-item"
              >
                <label
                  for="XXL"
                >
                  XXL
                </label>
                <input
                  id="XXL"
                  name="size"
                  required=""
                  type="radio"
                  value="XXL"
                />
              </div>
              
            </div>
          </fieldset>
          <fieldset>
            <label>
               Colore 
            </label>
            <div
              class="radio-group"
            >
              
              <div
                class="radio-item"
              >
                <label
                  for="red"
                >
                  <div
                    class="square"
                    style="background: rgb(245, 75, 66);"
                  />
                </label>
                <input
                  id="red"
                  name="color"
                  required=""
                  type="radio"
                  value="red"
                />
              </div>
              <div
                class="radio-item"
              >
                <label
                  for="yellow"
                >
                  <div
                    class="square"
                    style="background: rgb(245, 230, 66);"
                  />
                </label>
                <input
                  id="yellow"
                  name="color"
                  required=""
                  type="radio"
                  value="yellow"
                />
              </div>
              <div
                class="radio-item"
              >
                <label
                  for="green"
                >
                  <div
                    class="square"
                    style="background: rgb(72, 245, 66);"
                  />
                </label>
                <input
                  id="green"
                  name="color"
                  required=""
                  type="radio"
                  value="green"
                />
              </div>
              <div
                class="radio-item"
              >
                <label
                  for="orange"
                >
                  <div
                    class="square"
                    style="background: rgb(245, 170, 66);"
                  />
                </label>
                <input
                  id="orange"
                  name="color"
                  required=""
                  type="radio"
                  value="orange"
                />
              </div>
              <div
                class="radio-item"
              >
                <label
                  for="grey"
                >
                  <div
                    class="square"
                    style="background: rgb(209, 209, 209);"
                  />
                </label>
                <input
                  id="grey"
                  name="color"
                  required=""
                  type="radio"
                  value="grey"
                />
              </div>
              
            </div>
          </fieldset>
          <fieldset>
            <label>
               Emote 
            </label>
            <div
              class="radio-group"
            >
              
              <div
                class="radio-item"
              >
                <label
                  class="emote"
                  for="cactus"
                >
                  üåµ
                </label>
                <input
                  id="cactus"
                  name="emote"
                  required=""
                  type="radio"
                  value="cactus"
                />
              </div>
              <div
                class="radio-item"
              >
                <label
                  class="emote"
                  for="pine"
                >
                  üå≤
                </label>
                <input
                  id="pine"
                  name="emote"
                  required=""
                  type="radio"
                  value="pine"
                />
              </div>
              <div
                class="radio-item"
              >
                <label
                  class="emote"
                  for="palm"
                >
                  üå¥
                </label>
                <input
                  id="palm"
                  name="emote"
                  required=""
                  type="radio"
                  value="palm"
                />
              </div>
              <div
                class="radio-item"
              >
                <label
                  class="emote"
                  for="sun"
                >
                  ‚òÄÔ∏è
                </label>
                <input
                  id="sun"
                  name="emote"
                  required=""
                  type="radio"
                  value="sun"
                />
              </div>
              <div
                class="radio-item"
              >
                <label
                  class="emote"
                  for="star"
                >
                  ‚ú®
                </label>
                <input
                  id="star"
                  name="emote"
                  required=""
                  type="radio"
                  value="star"
                />
              </div>
              
            </div>
          </fieldset>
          <div
            class="buttons-container"
          >
            <button
              style="display: none;"
              type="submit"
            >
               Continua 
            </button>
          </div>
        </form>
        <form>
          <div>
            <h2
              class="title"
            >
              Dati Personali
            </h2>
            <hr />
          </div>
          <fieldset>
            <label
              for="name"
            >
              Nome
            </label>
            <input
              name="name"
              required=""
              type="text"
            />
          </fieldset>
          <fieldset>
            <label
              for="email"
            >
              Email
            </label>
            <input
              name="email"
              required=""
              type="email"
            />
          </fieldset>
          <div
            class="buttons-container"
          >
            <button
              style="display: none;"
            >
               Precedente 
            </button>
            <button
              style="display: none;"
              type="submit"
            >
              Successivo
            </button>
          </div>
        </form>
        <form>
          <div>
            <h2
              class="title"
            >
              Spedizione
            </h2>
            <hr />
          </div>
          <fieldset>
            <label
              for="name"
            >
              Indirizzo
            </label>
            <input
              name="address"
              required=""
              type="text"
            />
          </fieldset>
          <div
            class="buttons-container"
          >
            <button
              style="display: none;"
            >
               Precedente 
            </button>
            <button
              style="display: none;"
              type="submit"
            >
               Successivo 
            </button>
          </div>
        </form>
        <div
          class="buttons-container"
        >
          <button
            class="submit-form"
          >
            Continua
          </button>
        </div>
      </div>
      <div
        class="final-step"
        style="display: none;"
      >
        <hr />
        <br />
         Ci siamo ! abbiamo inviato una mail di conferma a  
        <br />
        <br />
        <div
          class="buttons-container alt-class"
        >
          <button>
            Continua
          </button>
        </div>
      </div>
    </div>
  </div>
</div>
`;
